[shtheme.com/demosd/itodo/index.html]
[backblue.gif]
[fade.gif]
[index.html]
[shtheme.com/demosd/itodo/wp-content/uploads/2023/02/favicon.ico]
[shtheme.com/demosd/itodo/indexd784.html]
[shtheme.com/demosd/itodo/indexa6da.html]
[shtheme.com/demosd/itodo/wp-includes/css/dist/block-library/style.minae48.css]
[shtheme.com/demosd/itodo/wp-content/plugins/contact-form-7/includes/css/stylesce52.css]
[shtheme.com/demosd/itodo/wp-content/themes/itodo/css/bootstrap.minae48.css]
[shtheme.com/demosd/itodo/wp-content/plugins/elementor/assets/lib/font-awesome/css/font-awesome.min1849.css]
[shtheme.com/demosd/itodo/wp-content/themes/itodo/css/owl.carousel.minae48.css]
[shtheme.com/demosd/itodo/wp-content/themes/itodo/css/magnific-popup.minae48.css]
[shtheme.com/demosd/itodo/wp-content/themes/itodo/css/loader.minae48.css]
[shtheme.com/demosd/itodo/wp-content/themes/itodo/css/flaticon.minae48.css]
[shtheme.com/demosd/itodo/wp-content/themes/itodo/css/animateae48.css]
[shtheme.com/demosd/itodo/wp-content/themes/itodo/css/featherae48.css]
[shtheme.com/demosd/itodo/wp-content/themes/itodo/css/lc_lightboxae48.css]
[shtheme.com/demosd/itodo/wp-content/themes/itodo/css/swiper-bundle.minae48.css]
[shtheme.com/demosd/itodo/wp-content/themes/itodo/css/styleae48.css]
[shtheme.com/demosd/itodo/wp-content/themes/itodo/style335e.css]
[shtheme.com/demosd/itodo/wp-content/plugins/elementor/assets/lib/eicons/css/elementor-icons.min3b94.css]
[shtheme.com/demosd/itodo/wp-content/plugins/elementor/assets/lib/swiper/css/swiper.min48f5.css]
[shtheme.com/demosd/itodo/wp-content/uploads/elementor/css/post-139c245.css]
[shtheme.com/demosd/itodo/wp-content/plugins/elementor/assets/css/frontend.mina3be.css]
[shtheme.com/demosd/itodo/wp-content/uploads/elementor/css/global28bf.css]
[shtheme.com/demosd/itodo/wp-content/uploads/elementor/css/post-333acc.css]
[shtheme.com/demosd/itodo/wp-includes/js/jquery/jquery.mina767.js]
[shtheme.com/demosd/itodo/wp-includes/js/jquery/jquery-migrate.min6b00.js]
[shtheme.com/demosd/itodo/index52f0.json]
[shtheme.com/demosd/itodo/index9d62.json]
[shtheme.com/demosd/itodo/xmlrpc0db0.php]
[shtheme.com/demosd/itodo/wp-includes/wlwmanifest.xml]
[shtheme.com/demosd/itodo/indexfa26.json]
[shtheme.com/demosd/itodo/indexf8bc.php]
[shtheme.com/demosd/itodo/wp-content/uploads/2023/03/footer-logo.png]
[shtheme.com/demosd/itodo/wp-content/themes/itodo/images/flag/germany.png]
[shtheme.com/demosd/itodo/index7193.html]
[shtheme.com/demosd/itodo/wp-content/themes/itodo/images/flag/italy.png]
[shtheme.com/demosd/itodo/wp-content/themes/itodo/images/flag/spain.png]
[shtheme.com/demosd/itodo/index4e71.html]
[shtheme.com/demosd/itodo/wp-content/themes/itodo/images/flag/united-states.png]
[shtheme.com/demosd/itodo/index57fd.html]
[shtheme.com/demosd/itodo/wp-content/uploads/2023/03/Logo.png]
[shtheme.com/demosd/itodo/wp-content/uploads/2023/03/dotted-pic.png]
[shtheme.com/demosd/itodo/indexd079.html]
[shtheme.com/demosd/itodo/indexc502.html]
[shtheme.com/demosd/itodo/wp-content/uploads/2023/03/left-pic.png]
[shtheme.com/demosd/itodo/indexc04b.html]
[shtheme.com/demosd/itodo/wp-content/uploads/2023/03/p1.jpg]
[shtheme.com/demosd/itodo/indexbc9e.html]
[shtheme.com/demosd/itodo/wp-content/uploads/2023/03/bg-1.jpg]
[shtheme.com/demosd/itodo/indexdf4d.html]
[shtheme.com/demosd/itodo/wp-content/uploads/2023/03/vid-1-bg.jpg]
[shtheme.com/demosd/itodo/indexe2e5.html]
[shtheme.com/demosd/itodo/index6499.html]
[shtheme.com/demosd/itodo/wp-content/uploads/2023/03/client-logo-1.png]
[shtheme.com/demosd/itodo/wp-content/uploads/2023/03/client-logo-2.png]
[shtheme.com/demosd/itodo/index2928.html]
[shtheme.com/demosd/itodo/wp-content/uploads/2023/03/client-logo-3.png]
[shtheme.com/demosd/itodo/indexd29c.html]
[shtheme.com/demosd/itodo/wp-content/uploads/2023/03/client-logo-4.png]
[shtheme.com/demosd/itodo/wp-content/uploads/2023/03/client-logo-5.png]
[shtheme.com/demosd/itodo/wp-content/uploads/2023/02/pic-1-6.jpg]
[shtheme.com/demosd/itodo/index6184.html]
[shtheme.com/demosd/itodo/indexc4a7.html]
[shtheme.com/demosd/itodo/indexcc8a.html]
[shtheme.com/demosd/itodo/indexaaae.html]
[shtheme.com/demosd/itodo/index9e3e.html]
[shtheme.com/demosd/itodo/wp-content/uploads/2023/02/pic-2-6.jpg]
[shtheme.com/demosd/itodo/index341b.html]
[shtheme.com/demosd/itodo/index6b6e.html]
[shtheme.com/demosd/itodo/wp-content/uploads/2023/02/pic-3-6.jpg]
[shtheme.com/demosd/itodo/index7b40.html]
[shtheme.com/demosd/itodo/wp-content/uploads/2023/02/pic-4-3.jpg]
[shtheme.com/demosd/itodo/index0aea.html]
[shtheme.com/demosd/itodo/indexee13.html]
[shtheme.com/demosd/itodo/wp-content/uploads/2023/01/pic1-3.jpg]
[shtheme.com/demosd/itodo/index4ddf.html]
[shtheme.com/demosd/itodo/wp-content/uploads/2023/02/pic1-1.jpg]
[shtheme.com/demosd/itodo/indexcc25.html]
[shtheme.com/demosd/itodo/index5371.html]
[shtheme.com/demosd/itodo/wp-content/uploads/2023/02/pic2-1.jpg]
[shtheme.com/demosd/itodo/indexc50a.html]
[shtheme.com/demosd/itodo/indexf836.html]
[shtheme.com/demosd/itodo/wp-content/uploads/2023/02/pic3-1.jpg]
[shtheme.com/demosd/itodo/indexe009.html]
[shtheme.com/demosd/itodo/index4c0c.html]
[shtheme.com/demosd/itodo/wp-content/uploads/2023/02/pic4.jpg]
[shtheme.com/demosd/itodo/index8297.html]
[shtheme.com/demosd/itodo/wp-content/uploads/2023/02/pic5.jpg]
[shtheme.com/demosd/itodo/index6fdb.html]
[shtheme.com/demosd/itodo/wp-content/uploads/2023/03/1-1.jpg]
[shtheme.com/demosd/itodo/index1fd1.html]
[shtheme.com/demosd/itodo/index460d.html]
[shtheme.com/demosd/itodo/wp-content/uploads/2023/03/2-1.jpg]
[shtheme.com/demosd/itodo/index9430.html]
[shtheme.com/demosd/itodo/index153d.html]
[shtheme.com/demosd/itodo/indexc5eb.html]
[shtheme.com/demosd/itodo/wp-content/uploads/2023/03/3-1.jpg]
[shtheme.com/demosd/itodo/wp-content/uploads/2023/02/7.jpg]
[shtheme.com/demosd/itodo/index3f5a.html]
[shtheme.com/demosd/itodo/wp-content/uploads/2023/02/8.jpg]
[shtheme.com/demosd/itodo/wp-content/uploads/2023/02/9.jpg]
[shtheme.com/demosd/itodo/wp-content/plugins/elementor/assets/lib/animations/animations.mina3be.css]
[shtheme.com/demosd/itodo/wp-content/plugins/contact-form-7/includes/js/scriptsce52.js]
[shtheme.com/demosd/itodo/wp-content/themes/itodo/js/jquery-3.6.1.min.jsae48.js]
[shtheme.com/demosd/itodo/wp-content/themes/itodo/js/popper.minae48.js]
[shtheme.com/demosd/itodo/wp-content/themes/itodo/js/magnific-popup.minae48.js]
[shtheme.com/demosd/itodo/wp-content/themes/itodo/js/bootstrap.minae48.js]
[shtheme.com/demosd/itodo/wp-content/themes/itodo/js/waypoints.minae48.js]
[shtheme.com/demosd/itodo/wp-content/themes/itodo/js/counterup.minae48.js]
[shtheme.com/demosd/itodo/wp-content/themes/itodo/js/waypoints-sticky.minae48.js]
[shtheme.com/demosd/itodo/wp-content/themes/itodo/js/isotope.pkgd.minae48.js]
[shtheme.com/demosd/itodo/wp-content/themes/itodo/js/owl.carousel.minae48.js]
[shtheme.com/demosd/itodo/wp-content/themes/itodo/js/imagesloaded.pkgd.minae48.js]
[shtheme.com/demosd/itodo/wp-content/themes/itodo/js/theia-sticky-sidebarae48.js]
[shtheme.com/demosd/itodo/wp-content/themes/itodo/js/wowae48.js]
[shtheme.com/demosd/itodo/wp-content/themes/itodo/js/lc_lightbox.liteae48.js]
[shtheme.com/demosd/itodo/wp-content/themes/itodo/js/customae48.js]
[shtheme.com/demosd/itodo/wp-content/plugins/bdevs-elementor/assets/js/bdevs-elementor8a54.js]
[shtheme.com/demosd/itodo/wp-content/themes/itodo/js/swiper-bundle.minae48.js]
[shtheme.com/demosd/itodo/wp-content/plugins/elementor/assets/js/webpack.runtime.mina3be.js]
[shtheme.com/demosd/itodo/wp-content/plugins/elementor/assets/lib/waypoints/waypoints.min05da.js]
[shtheme.com/demosd/itodo/wp-content/plugins/elementor/assets/js/frontend-modules.mina3be.js]
[shtheme.com/demosd/itodo/wp-includes/js/jquery/ui/core.min3f14.js]
[shtheme.com/demosd/itodo/wp-content/plugins/elementor/assets/lib/swiper/swiper.min48f5.js]
[shtheme.com/demosd/itodo/wp-content/plugins/elementor/assets/lib/share-link/share-link.mina3be.js]
[shtheme.com/demosd/itodo/wp-content/plugins/elementor/assets/js/frontend.mina3be.js]
[shtheme.com/demosd/itodo/wp-content/plugins/elementor/assets/lib/dialog/dialog.mind227.js]
[shtheme.com/demosd/itodo/index.html]
[shtheme.com/demosd/itodo/wp-content/plugins/elementor/assets/js/preloaded-modules.mina3be.js]
[fonts.googleapis.com/css1b15.css]
[fonts.gstatic.com/index.html]
[shtheme.com/demosd/itodo/index7071.json]
[shtheme.com/demosd/itodo/index659f.json]
[shtheme.com/demosd/itodo/index7a91.php]
[shtheme.com/demosd/itodo/wp-content/uploads/2023/03/bnr-7.jpg]
[shtheme.com/demosd/itodo/wp-content/uploads/2023/02/vid-2-bg.jpg]
[shtheme.com/demosd/itodo/wp-content/uploads/2023/02/p3.jpg]
[shtheme.com/demosd/itodo/wp-content/uploads/2023/02/logo1.png]
[shtheme.com/demosd/itodo/wp-content/uploads/2023/02/logo2.png]
[shtheme.com/demosd/itodo/wp-content/uploads/2023/02/logo3.png]
[shtheme.com/demosd/itodo/wp-content/uploads/2023/02/logo4.png]
[shtheme.com/demosd/itodo/wp-content/uploads/2023/02/logo5.png]
[shtheme.com/demosd/itodo/wp-content/uploads/2023/02/logo6.png]
[shtheme.com/demosd/itodo/wp-content/uploads/2023/02/logo7.png]
[shtheme.com/demosd/itodo/wp-content/uploads/2023/02/logo8.png]
[shtheme.com/demosd/itodo/index7193.html]
[shtheme.com/demosd/itodo/indexc0a7.json]
[shtheme.com/demosd/itodo/index5507.json]
[shtheme.com/demosd/itodo/indexb542.php]
[shtheme.com/demosd/itodo/wp-content/uploads/2023/03/bnr-4.jpg]
[shtheme.com/demosd/itodo/wp-content/uploads/2023/03/faq-img-1.jpg]
[shtheme.com/demosd/itodo/index4e71.html]
[shtheme.com/demosd/itodo/wp-content/uploads/2023/03/faq-img-2.jpg]
[shtheme.com/demosd/itodo/index0580.json]
[shtheme.com/demosd/itodo/index3254.json]
[shtheme.com/demosd/itodo/index98eb.php]
[shtheme.com/demosd/itodo/index57fd.html]
[shtheme.com/demosd/itodo/wp-content/uploads/2023/03/bnr-6.jpg]
[shtheme.com/demosd/itodo/indexe29b.json]
[shtheme.com/demosd/itodo/index2fee.json]
[shtheme.com/demosd/itodo/indexb35f.php]
[shtheme.com/demosd/itodo/wp-content/uploads/2023/03/Logo-light.png]
[shtheme.com/demosd/itodo/wp-content/uploads/2023/03/slide1-1.jpg]
[shtheme.com/demosd/itodo/wp-content/uploads/2023/03/sm-pic1.png]
[shtheme.com/demosd/itodo/wp-content/uploads/2023/03/slide2-1.jpg]
[shtheme.com/demosd/itodo/wp-content/uploads/2023/03/sm-pic2.png]
[shtheme.com/demosd/itodo/wp-content/uploads/2023/03/dotted-pic2.png]
[shtheme.com/demosd/itodo/wp-content/uploads/2023/03/p2.jpg]
[shtheme.com/demosd/itodo/wp-content/uploads/2023/03/pic-1.jpg]
[shtheme.com/demosd/itodo/wp-content/uploads/2023/03/pic-2-1.jpg]
[shtheme.com/demosd/itodo/wp-content/uploads/2023/03/pic-3-1.jpg]
[shtheme.com/demosd/itodo/indexcbb3.html]
[shtheme.com/demosd/itodo/wp-content/uploads/2023/02/pic-4-1.jpg]
[shtheme.com/demosd/itodo/index7add.html]
[shtheme.com/demosd/itodo/wp-content/uploads/2023/02/pic-5-1.jpg]
[shtheme.com/demosd/itodo/wp-content/uploads/2023/02/pic-6-1.jpg]
[shtheme.com/demosd/itodo/index2b9b.html]
[shtheme.com/demosd/itodo/index3c73.html]
[shtheme.com/demosd/itodo/index8b79.html]
[shtheme.com/demosd/itodo/wp-content/uploads/2023/03/1.jpg]
[shtheme.com/demosd/itodo/wp-content/uploads/2023/03/2.jpg]
[shtheme.com/demosd/itodo/wp-content/uploads/2023/03/3.jpg]
[shtheme.com/demosd/itodo/wp-content/uploads/2023/03/4-1.jpg]
[shtheme.com/demosd/itodo/indexc502.html]
[shtheme.com/demosd/itodo/wp-content/uploads/elementor/css/post-37b80f.css]
[shtheme.com/demosd/itodo/indexfb3a.json]
[shtheme.com/demosd/itodo/indexcdfd.json]
[shtheme.com/demosd/itodo/index2876.php]
[shtheme.com/demosd/itodo/wp-content/uploads/2023/03/slide1-2.jpg]
[shtheme.com/demosd/itodo/wp-content/uploads/2023/03/slide2-2.jpg]
[shtheme.com/demosd/itodo/wp-content/uploads/2023/03/bg-img.jpg]
[shtheme.com/demosd/itodo/wp-content/uploads/2023/02/pic-1-3.jpg]
[shtheme.com/demosd/itodo/wp-content/uploads/2023/02/pic-2-3.jpg]
[shtheme.com/demosd/itodo/wp-content/uploads/2023/02/pic-3-3.jpg]
[shtheme.com/demosd/itodo/wp-content/uploads/2023/03/pic-1-1.jpg]
[shtheme.com/demosd/itodo/wp-content/uploads/2023/03/pic-2-3.jpg]
[shtheme.com/demosd/itodo/wp-content/uploads/2023/03/pic-3-2.jpg]
[shtheme.com/demosd/itodo/wp-content/uploads/2023/02/pic-1-4.jpg]
[shtheme.com/demosd/itodo/wp-content/uploads/2023/02/pic-2-4.jpg]
[shtheme.com/demosd/itodo/wp-content/uploads/2023/03/bg-team.jpg]
[shtheme.com/demosd/itodo/indexbc9e.html]
[shtheme.com/demosd/itodo/index8e2a.json]
[shtheme.com/demosd/itodo/indexcd17.json]
[shtheme.com/demosd/itodo/index1f0d.php]
[shtheme.com/demosd/itodo/wp-content/uploads/2023/03/bnr-2.jpg]
[shtheme.com/demosd/itodo/wp-content/uploads/2023/02/4.jpg]
[shtheme.com/demosd/itodo/wp-content/uploads/2023/02/5.jpg]
[shtheme.com/demosd/itodo/indexdf4d.html]
[shtheme.com/demosd/itodo/wp-content/uploads/2023/02/6.jpg]
[shtheme.com/demosd/itodo/index8664.json]
[shtheme.com/demosd/itodo/indexf929.json]
[shtheme.com/demosd/itodo/indexd079.html]
[shtheme.com/demosd/itodo/index9771.php]
[shtheme.com/demosd/itodo/index77a5.json]
[shtheme.com/demosd/itodo/index1088.json]
[shtheme.com/demosd/itodo/index750c.php]
[shtheme.com/demosd/itodo/indexc04b.html]
[shtheme.com/demosd/itodo/wp-content/uploads/2023/03/bnr-3.jpg]
[shtheme.com/demosd/itodo/index73d1.json]
[shtheme.com/demosd/itodo/index5018.json]
[shtheme.com/demosd/itodo/index81f7.php]
[shtheme.com/demosd/itodo/wp-content/uploads/2023/03/bnr-8.jpg]
[shtheme.com/demosd/itodo/wp-content/uploads/2023/03/p1-1.jpg]
[shtheme.com/demosd/itodo/wp-content/uploads/2023/03/right-pic.jpg]
[shtheme.com/demosd/itodo/index6499.html]
[shtheme.com/demosd/itodo/index348c.json]
[shtheme.com/demosd/itodo/index5761.php]
[shtheme.com/demosd/itodo/wp-content/uploads/2023/03/bnr-7-1.jpg]
[shtheme.com/demosd/itodo/indexe2e5.html]
[shtheme.com/demosd/itodo/wp-content/uploads/2023/03/vid-4-bg.jpg]
[shtheme.com/demosd/itodo/index7210.json]
[shtheme.com/demosd/itodo/indexa9de.json]
[shtheme.com/demosd/itodo/index9174.php]
[shtheme.com/demosd/itodo/wp-content/uploads/2023/03/5-1.jpg]
[shtheme.com/demosd/itodo/wp-content/uploads/2023/03/6-1.jpg]
[shtheme.com/demosd/itodo/wp-content/uploads/2023/03/7-1.jpg]
[shtheme.com/demosd/itodo/wp-content/uploads/2023/03/8-1.jpg]
[shtheme.com/demosd/itodo/index6184.html]
[shtheme.com/demosd/itodo/indexa407.json]
[shtheme.com/demosd/itodo/index3c64.json]
[shtheme.com/demosd/itodo/index1662.php]
[shtheme.com/demosd/itodo/wp-content/uploads/2023/03/our-info.jpg]
[shtheme.com/demosd/itodo/wp-content/uploads/2023/03/vid-3-bg.jpg]
[shtheme.com/demosd/itodo/index2928.html]
[shtheme.com/demosd/itodo/index33f3.json]
[shtheme.com/demosd/itodo/index0544.json]
[shtheme.com/demosd/itodo/indexd29c.html]
[shtheme.com/demosd/itodo/index8245.php]
[shtheme.com/demosd/itodo/index99bf.json]
[shtheme.com/demosd/itodo/indexd177.json]
[shtheme.com/demosd/itodo/indexf974.php]
[shtheme.com/demosd/itodo/wp-content/uploads/2023/02/pic-5-2.jpg]
[shtheme.com/demosd/itodo/indexc4a7.html]
[shtheme.com/demosd/itodo/wp-content/uploads/2023/02/pic-6-2.jpg]
[shtheme.com/demosd/itodo/index547c.json]
[shtheme.com/demosd/itodo/index1eb9.json]
[shtheme.com/demosd/itodo/indexf888.php]
[shtheme.com/demosd/itodo/wp-content/uploads/2023/03/bnr-5.jpg]
[shtheme.com/demosd/itodo/wp-content/uploads/2023/02/pic-3-5.jpg]
[shtheme.com/demosd/itodo/wp-content/uploads/2023/02/pic-2-5.jpg]
[shtheme.com/demosd/itodo/wp-content/uploads/2023/02/pic-1-5.jpg]
[shtheme.com/demosd/itodo/indexcc8a.html]
[shtheme.com/demosd/itodo/wp-content/uploads/2023/02/pic-3-4.jpg]
[shtheme.com/demosd/itodo/index7471.json]
[shtheme.com/demosd/itodo/index9448.json]
[shtheme.com/demosd/itodo/indexef6f.php]
[shtheme.com/demosd/itodo/wp-content/uploads/2023/03/bnr-1.jpg]
[shtheme.com/demosd/itodo/wp-content/uploads/2023/01/pic1.jpg]
[shtheme.com/demosd/itodo/wp-content/uploads/2023/01/pic-1.jpg]
[shtheme.com/demosd/itodo/wp-content/uploads/2023/01/pic2-1.jpg]
[shtheme.com/demosd/itodo/wp-content/uploads/2023/01/pic4.jpg]
[shtheme.com/demosd/itodo/wp-content/uploads/2023/02/pic1.jpg]
[shtheme.com/demosd/itodo/index3f7b.html]
[shtheme.com/demosd/itodo/wp-content/uploads/2023/02/pic2.jpg]
[shtheme.com/demosd/itodo/indexc728.html]
[shtheme.com/demosd/itodo/index81ea.html]
[shtheme.com/demosd/itodo/wp-content/uploads/2023/02/pic3.jpg]
[shtheme.com/demosd/itodo/index5b0d.html]
[shtheme.com/demosd/itodo/index29c7.html]
[shtheme.com/demosd/itodo/indexd65e.html]
[shtheme.com/demosd/itodo/wp-content/uploads/2023/03/9.jpg]
[shtheme.com/demosd/itodo/wp-content/uploads/2023/03/8.jpg]
[shtheme.com/demosd/itodo/wp-content/uploads/2023/03/7.jpg]
[shtheme.com/demosd/itodo/wp-content/uploads/2023/03/6.jpg]
[shtheme.com/demosd/itodo/wp-content/uploads/2023/03/5.jpg]
[shtheme.com/demosd/itodo/wp-content/uploads/2023/03/4.jpg]
[shtheme.com/demosd/itodo/indexaaae.html]
[shtheme.com/demosd/itodo/index8840.json]
[shtheme.com/demosd/itodo/indexb866.json]
[shtheme.com/demosd/itodo/index00e9.php]
[shtheme.com/demosd/itodo/wp-content/uploads/2023/01/pic6-1.jpg]
[shtheme.com/demosd/itodo/wp-content/uploads/2023/01/pic7.jpg]
[shtheme.com/demosd/itodo/indexd8eb.html]
[shtheme.com/demosd/itodo/wp-content/uploads/2023/01/pic8.jpg]
[shtheme.com/demosd/itodo/index0b69.html]
[shtheme.com/demosd/itodo/index9e3e.html]
[shtheme.com/demosd/itodo/wp-content/uploads/2023/01/pic9.jpg]
[shtheme.com/demosd/itodo/indexc4f7.html]
[shtheme.com/demosd/itodo/index688c.html]
[shtheme.com/demosd/itodo/index001f.html]
[shtheme.com/demosd/itodo/index92d2.json]
[shtheme.com/demosd/itodo/index8b79.json]
[shtheme.com/demosd/itodo/indexb577.php]
[shtheme.com/demosd/itodo/wp-content/uploads/2023/01/bq-media.jpg]
[shtheme.com/demosd/itodo/wp-content/uploads/2023/01/pic1-1.jpg]
[shtheme.com/demosd/itodo/wp-content/uploads/2023/01/pic2.jpg]
[w.sharethis.com/button/buttons.js]
[shtheme.com/demosd/itodo/index78ea.html]
[shtheme.com/demosd/itodo/indexe11c.html]
[shtheme.com/demosd/itodo/indexa9bd.html]
[secure.gravatar.com/avatar/96eb3aed94562c8298aff41d4c83306bde35.jpeg]
[shtheme.com/demosd/itodo/wp-includes/js/comment-reply.minae48.js]
[shtheme.com/demosd/itodo/index341b.html]
[shtheme.com/demosd/itodo/index6f03.html]
[shtheme.com/demosd/itodo/indexce3b.json]
[shtheme.com/demosd/itodo/index6b6e.html]
[shtheme.com/demosd/itodo/indexd0c4.php]
[shtheme.com/demosd/itodo/indexe26f.json]
[shtheme.com/demosd/itodo/index7b40.html]
[shtheme.com/demosd/itodo/indexdbe5.php]
[shtheme.com/demosd/itodo/index7ce8.json]
[shtheme.com/demosd/itodo/index0aea.html]
[shtheme.com/demosd/itodo/index7ee8.php]
[shtheme.com/demosd/itodo/indexdac9.json]
[shtheme.com/demosd/itodo/indexee13.html]
[shtheme.com/demosd/itodo/indexf0c8.php]
[shtheme.com/demosd/itodo/index4706.json]
[shtheme.com/demosd/itodo/indexd33c.php]
[shtheme.com/demosd/itodo/index4ddf.html]
[shtheme.com/demosd/itodo/indexee1a.json]
[shtheme.com/demosd/itodo/indexcc25.html]
[shtheme.com/demosd/itodo/index4f22.php]
[shtheme.com/demosd/itodo/index7776.json]
[shtheme.com/demosd/itodo/index5371.html]
[shtheme.com/demosd/itodo/indexd2c8.php]
[shtheme.com/demosd/itodo/indexf483.json]
[shtheme.com/demosd/itodo/indexc50a.html]
[shtheme.com/demosd/itodo/index9734.php]
[shtheme.com/demosd/itodo/index1562.json]
[shtheme.com/demosd/itodo/indexf836.html]
[shtheme.com/demosd/itodo/indexd2bf.php]
[shtheme.com/demosd/itodo/index04ba.json]
[shtheme.com/demosd/itodo/index8e03.php]
[shtheme.com/demosd/itodo/wp-content/uploads/2023/02/large-pic.jpg]
[shtheme.com/demosd/itodo/wp-content/uploads/2023/02/pic1-2.jpg]
[shtheme.com/demosd/itodo/indexcd64.html]
[shtheme.com/demosd/itodo/indexe009.html]
[shtheme.com/demosd/itodo/wp-content/uploads/2023/02/pic2-2.jpg]
[shtheme.com/demosd/itodo/index7d21.json]
[shtheme.com/demosd/itodo/index4c0c.html]
[shtheme.com/demosd/itodo/index364f.php]
[shtheme.com/demosd/itodo/index201e.json]
[shtheme.com/demosd/itodo/index90b6.php]
[shtheme.com/demosd/itodo/index1fd1.html]
[shtheme.com/demosd/itodo/index6346.json]
[shtheme.com/demosd/itodo/index8297.html]
[shtheme.com/demosd/itodo/index3347.php]
[shtheme.com/demosd/itodo/indexb879.json]
[shtheme.com/demosd/itodo/index92e8.html]
[shtheme.com/demosd/itodo/index747e.json]
[shtheme.com/demosd/itodo/index6fdb.html]
[shtheme.com/demosd/itodo/indexbe53.php]
[shtheme.com/demosd/itodo/indexe781.html]
[shtheme.com/demosd/itodo/index4ecc.html]
[shtheme.com/demosd/itodo/indexf094.html]
[shtheme.com/demosd/itodo/indexbaa7.json]
[shtheme.com/demosd/itodo/index63e9.json]
[shtheme.com/demosd/itodo/indexdffb.php]
[shtheme.com/demosd/itodo/index460d.html]
[shtheme.com/demosd/itodo/index631c.html]
[shtheme.com/demosd/itodo/indexba75.html]
[shtheme.com/demosd/itodo/indexda98.json]
[shtheme.com/demosd/itodo/index0b9d.html]
[shtheme.com/demosd/itodo/indexa755.json]
[shtheme.com/demosd/itodo/index6787.php]
[shtheme.com/demosd/itodo/index153d.html]
[shtheme.com/demosd/itodo/indexbed4.html]
[shtheme.com/demosd/itodo/index7195.json]
[shtheme.com/demosd/itodo/index7e52.html]
[shtheme.com/demosd/itodo/index74bc.json]
[shtheme.com/demosd/itodo/index6212.php]
[shtheme.com/demosd/itodo/index9430.html]
[shtheme.com/demosd/itodo/index6ce1.json]
[shtheme.com/demosd/itodo/index1a35.html]
[shtheme.com/demosd/itodo/indexc926.html]
[shtheme.com/demosd/itodo/indexce48.json]
[shtheme.com/demosd/itodo/indexc5eb.html]
[shtheme.com/demosd/itodo/indexd5a2.php]
[shtheme.com/demosd/itodo/indexb5bc.json]
[shtheme.com/demosd/itodo/index8c30.html]
[shtheme.com/demosd/itodo/index78b2.html]
[shtheme.com/demosd/itodo/index2727.json]
[shtheme.com/demosd/itodo/indexb13b.php]
[shtheme.com/demosd/itodo/index3f5a.html]
[shtheme.com/demosd/itodo/indexba52.html]
[shtheme.com/demosd/itodo/indexcbb6.html]
[shtheme.com/demosd/itodo/index2cce.html]
[shtheme.com/demosd/itodo/index5c90.html]
[shtheme.com/demosd/itodo/index2c75.html]
[shtheme.com/demosd/itodo/index0027.json]
[shtheme.com/demosd/itodo/index2c1a.php]
[shtheme.com/demosd/itodo/indexcbb3.html]
[shtheme.com/demosd/itodo/index9ec4.json]
[shtheme.com/demosd/itodo/index45af.php]
[shtheme.com/demosd/itodo/index7add.html]
[shtheme.com/demosd/itodo/index58e5.json]
[shtheme.com/demosd/itodo/index1d89.php]
[shtheme.com/demosd/itodo/index2b9b.html]
[shtheme.com/demosd/itodo/index783b.json]
[shtheme.com/demosd/itodo/index789e.php]
[shtheme.com/demosd/itodo/index3c73.html]
[shtheme.com/demosd/itodo/indexfd66.json]
[shtheme.com/demosd/itodo/indexc9f6.php]
[shtheme.com/demosd/itodo/index8b79.html]
[shtheme.com/demosd/itodo/index4837.html]
[shtheme.com/demosd/itodo/index4170.html]
[shtheme.com/demosd/itodo/index5e74.html]
[shtheme.com/demosd/itodo/indexcb30.html]
[shtheme.com/demosd/itodo/index0012.html]
[shtheme.com/demosd/itodo/index8cf7.html]
[shtheme.com/demosd/itodo/index5fb3.html]
[shtheme.com/demosd/itodo/index8054.html]
[shtheme.com/demosd/itodo/index9787.html]
[shtheme.com/demosd/itodo/index1098.html]
[shtheme.com/demosd/itodo/index094d.html]
[shtheme.com/demosd/itodo/index9cd7.html]
[shtheme.com/demosd/itodo/indexbe2a.php]
[shtheme.com/demosd/itodo/indexa3a8.json]
[shtheme.com/demosd/itodo/indexc728.html]
[shtheme.com/demosd/itodo/index00fd.html]
[shtheme.com/demosd/itodo/index058f.json]
[shtheme.com/demosd/itodo/index5b0d.html]
[shtheme.com/demosd/itodo/index8b93.html]
[shtheme.com/demosd/itodo/index04a2.json]
[shtheme.com/demosd/itodo/index3f7b.html]
[shtheme.com/demosd/itodo/index9eaf.json]
[shtheme.com/demosd/itodo/index81ea.html]
[shtheme.com/demosd/itodo/indexb63a.html]
[shtheme.com/demosd/itodo/indexa705.json]
[shtheme.com/demosd/itodo/index29c7.html]
[shtheme.com/demosd/itodo/indexd8f8.json]
[shtheme.com/demosd/itodo/indexd65e.html]
[shtheme.com/demosd/itodo/index3961.html]
[shtheme.com/demosd/itodo/index9020.html]
[shtheme.com/demosd/itodo/index8256.html]
[shtheme.com/demosd/itodo/indexca6e.html]
[shtheme.com/demosd/itodo/index4d88.html]
[shtheme.com/demosd/itodo/index0870.json]
[shtheme.com/demosd/itodo/indexaeed.json]
[shtheme.com/demosd/itodo/index5a1c.php]
[shtheme.com/demosd/itodo/indexd8eb.html]
[shtheme.com/demosd/itodo/index456f.json]
[shtheme.com/demosd/itodo/index1f3a.json]
[shtheme.com/demosd/itodo/index0b69.html]
[shtheme.com/demosd/itodo/index3440.php]
[shtheme.com/demosd/itodo/index8022.html]
[shtheme.com/demosd/itodo/indexef62.html]
[shtheme.com/demosd/itodo/index07c9.html]
[shtheme.com/demosd/itodo/index62bd.json]
[shtheme.com/demosd/itodo/indexaf44.html]
[shtheme.com/demosd/itodo/indexae68.json]
[shtheme.com/demosd/itodo/indexc192.php]
[secure.gravatar.com/avatar/9ed0660bf8be17e64ab4f55d07938eb2de35.png]
[shtheme.com/demosd/itodo/indexc4f7.html]
[shtheme.com/demosd/itodo/index688c.html]
[shtheme.com/demosd/itodo/index9363.html]
[shtheme.com/demosd/itodo/index0638.html]
[shtheme.com/demosd/itodo/index070c.html]
[shtheme.com/demosd/itodo/index9ea3.html]
[shtheme.com/demosd/itodo/index78ea.html]
[shtheme.com/demosd/itodo/index9cba.json]
[shtheme.com/demosd/itodo/indexb489.json]
[shtheme.com/demosd/itodo/indexe11c.html]
[shtheme.com/demosd/itodo/index8a0d.html]
[shtheme.com/demosd/itodo/indexff1d.json]
[shtheme.com/demosd/itodo/indexa9bd.html]
[shtheme.com/demosd/itodo/indexe1af.html]
[shtheme.com/demosd/itodo/index6f03.html]
[shtheme.com/demosd/itodo/indexcbfc.html]
[shtheme.com/demosd/itodo/indexe1a1.html]
[shtheme.com/demosd/itodo/index3c39.html]
[shtheme.com/demosd/itodo/index1a93.html]
[shtheme.com/demosd/itodo/indexa570.html]
[shtheme.com/demosd/itodo/index5ed0.html]
[shtheme.com/demosd/itodo/index1640.html]
[shtheme.com/demosd/itodo/indexc30a.html]
[shtheme.com/demosd/itodo/index1acb.html]
[shtheme.com/demosd/itodo/index8e15.html]
[shtheme.com/demosd/itodo/index4cde.html]
[shtheme.com/demosd/itodo/index5cfa.html]
[shtheme.com/demosd/itodo/indexeb8b.html]
[shtheme.com/demosd/itodo/index6350.html]
[shtheme.com/demosd/itodo/indexaf74.html]
[shtheme.com/demosd/itodo/indexeffd.html]
[shtheme.com/demosd/itodo/indexff78.html]
[shtheme.com/demosd/itodo/index3fbb.html]
[shtheme.com/demosd/itodo/indexefaa.html]
[shtheme.com/demosd/itodo/indexfc79.html]
[shtheme.com/demosd/itodo/index8ed7.html]
[shtheme.com/demosd/itodo/indexeddf.html]
[shtheme.com/demosd/itodo/indexbce1.html]
[shtheme.com/demosd/itodo/index5d38.html]
[shtheme.com/demosd/itodo/index8771.html]
[shtheme.com/demosd/itodo/indexbde3.html]
[shtheme.com/demosd/itodo/indexf160.html]
[shtheme.com/demosd/itodo/index36d4.html]
[shtheme.com/demosd/itodo/indexeb8d.html]
[shtheme.com/demosd/itodo/index5560.html]
[shtheme.com/demosd/itodo/indexce84.json]
[shtheme.com/demosd/itodo/indexcd64.html]
[shtheme.com/demosd/itodo/index1385.html]
[shtheme.com/demosd/itodo/index65d2.html]
[shtheme.com/demosd/itodo/indexa0dc.html]
[shtheme.com/demosd/itodo/index5eda.html]
[shtheme.com/demosd/itodo/index98d1.html]
[shtheme.com/demosd/itodo/indexa55b.html]
[shtheme.com/demosd/itodo/indexc5d7.html]
[shtheme.com/demosd/itodo/indexb190.html]
[shtheme.com/demosd/itodo/index78a0.html]
[shtheme.com/demosd/itodo/indexf49b.html]
[shtheme.com/demosd/itodo/index2240.json]
[shtheme.com/demosd/itodo/indexf094.html]
[shtheme.com/demosd/itodo/index5e87.html]
[shtheme.com/demosd/itodo/index8bca.json]
[shtheme.com/demosd/itodo/index4ecc.html]
[shtheme.com/demosd/itodo/index138f.html]
[shtheme.com/demosd/itodo/index031b.json]
[shtheme.com/demosd/itodo/indexba75.html]
[shtheme.com/demosd/itodo/index631c.html]
[shtheme.com/demosd/itodo/index7e52.html]
[shtheme.com/demosd/itodo/indexc926.html]
[shtheme.com/demosd/itodo/index8c30.html]
[shtheme.com/demosd/itodo/index2c75.html]
[shtheme.com/demosd/itodo/index5f6c.html]
[shtheme.com/demosd/itodo/indexa1e2.html]
[shtheme.com/demosd/itodo/index83d1.html]
[shtheme.com/demosd/itodo/index273a.html]
[shtheme.com/demosd/itodo/indexd995.html]
[shtheme.com/demosd/itodo/index49fa.html]
[shtheme.com/demosd/itodo/index62bf.html]
[shtheme.com/demosd/itodo/indexf3ea.html]
[shtheme.com/demosd/itodo/index4c44.html]
[shtheme.com/demosd/itodo/index5401.html]
[shtheme.com/demosd/itodo/index05bb.html]
[shtheme.com/demosd/itodo/index0e6e.html]
[shtheme.com/demosd/itodo/indexb6ad.html]
[shtheme.com/demosd/itodo/index8022.html]
[shtheme.com/demosd/itodo/indexef62.html]
[shtheme.com/demosd/itodo/index9363.html]
[shtheme.com/demosd/itodo/index070c.html]
[shtheme.com/demosd/itodo/index0638.html]
[shtheme.com/demosd/itodo/indexc30a.html]
[shtheme.com/demosd/itodo/index1acb.html]
[shtheme.com/demosd/itodo/index6350.html]
[shtheme.com/demosd/itodo/indexaf74.html]
[shtheme.com/demosd/itodo/indexfc79.html]
[shtheme.com/demosd/itodo/indexbce1.html]
[shtheme.com/demosd/itodo/indexbde3.html]
[shtheme.com/demosd/itodo/indexf160.html]
[shtheme.com/demosd/itodo/indexeb8d.html]
[shtheme.com/demosd/itodo/index5560.html]
[shtheme.com/demosd/itodo/indexa55b.html]
[shtheme.com/demosd/itodo/indexc5d7.html]
[shtheme.com/demosd/itodo/indexf49b.html]
[shtheme.com/demosd/itodo/index4c44.html]
[shtheme.com/demosd/itodo/index0e6e.html]
[shtheme.com/demosd/itodo/index9abd.html]
[shtheme.com/demosd/itodo/index9abd.html]
[shtheme.com/demosd/itodo/index1b46.html]
[shtheme.com/demosd/itodo/index1b46.html]
[shtheme.com/demosd/itodo/index2e71.html]
[shtheme.com/demosd/itodo/index2e71.html]
[shtheme.com/demosd/itodo/index52f0.json]
[shtheme.com/demosd/itodo/wp-includes/css/dist/block-library/style.minae48.css]
[shtheme.com/demosd/itodo/index9d62.json]
[shtheme.com/demosd/itodo/wp-includes/css/classic-themes.minae48.css]
[shtheme.com/demosd/itodo/indexfa26.json]
[shtheme.com/demosd/itodo/xmlrpc0db0.php]
[shtheme.com/demosd/itodo/wp-content/plugins/contact-form-7/images/ajax-loader.gif]
[shtheme.com/demosd/itodo/wp-content/plugins/contact-form-7/includes/css/stylesce52.css]
[shtheme.com/demosd/itodo/wp-content/themes/itodo/css/bootstrap.minae48.css]
[shtheme.com/demosd/itodo/wp-content/plugins/elementor/assets/lib/font-awesome/fonts/fontawesome-webfont3e6e.eot]
[shtheme.com/demosd/itodo/wp-content/plugins/elementor/assets/lib/font-awesome/fonts/fontawesome-webfont3e6e.woff2]
[shtheme.com/demosd/itodo/wp-content/plugins/elementor/assets/lib/font-awesome/fonts/fontawesome-webfont3e6e.woff]
[shtheme.com/demosd/itodo/wp-content/plugins/elementor/assets/lib/font-awesome/fonts/fontawesome-webfontd41d.eot]
[shtheme.com/demosd/itodo/wp-content/plugins/elementor/assets/lib/font-awesome/fonts/fontawesome-webfont3e6e.ttf]
[shtheme.com/demosd/itodo/wp-content/plugins/elementor/assets/lib/font-awesome/css/font-awesome.min1849.css]
[shtheme.com/demosd/itodo/wp-content/themes/itodo/css/owl.video.play.15e.delayed]
[shtheme.com/demosd/itodo/wp-content/plugins/elementor/assets/lib/font-awesome/fonts/fontawesome-webfont3e6e.svg]
[shtheme.com/demosd/itodo/wp-content/themes/itodo/css/owl.carousel.minae48.css]
[shtheme.com/demosd/itodo/index7071.json]
[shtheme.com/demosd/itodo/index659f.json]
[shtheme.com/demosd/itodo/wp-content/themes/itodo/css/magnific-popup.minae48.css]
[shtheme.com/demosd/itodo/wp-content/themes/itodo/css/loader.minae48.css]
[shtheme.com/demosd/itodo/index7a91.php]
[shtheme.com/demosd/itodo/wp-content/themes/itodo/fonts/flaticon_mycollection9fb7.ttf]
[shtheme.com/demosd/itodo/indexc0a7.json]
[shtheme.com/demosd/itodo/wp-content/themes/itodo/fonts/flaticon_mycollection9fb7.woff]
[shtheme.com/demosd/itodo/index5507.json]
[shtheme.com/demosd/itodo/indexb542.php]
[shtheme.com/demosd/itodo/wp-content/themes/itodo/fonts/flaticon_mycollection9fb7.woff2]
[shtheme.com/demosd/itodo/wp-content/themes/itodo/fonts/flaticon_mycollection9fb7.eot]
[shtheme.com/demosd/itodo/index98eb.php]
[shtheme.com/demosd/itodo/index3254.json]
[shtheme.com/demosd/itodo/index0580.json]
[shtheme.com/demosd/itodo/wp-content/themes/itodo/css/flaticon.minae48.css]
[shtheme.com/demosd/itodo/index2fee.json]
[shtheme.com/demosd/itodo/indexb35f.php]
[shtheme.com/demosd/itodo/wp-content/themes/itodo/css/animateae48.css]
[shtheme.com/demosd/itodo/indexe29b.json]
[shtheme.com/demosd/itodo/wp-content/themes/itodo/fonts/flaticon_mycollection9fb7.svg]
[shtheme.com/demosd/itodo/wp-content/themes/itodo/fonts/Feather144f.ttf]
[shtheme.com/demosd/itodo/wp-content/themes/itodo/fonts/Feather144f.woff]
[shtheme.com/demosd/itodo/wp-content/themes/itodo/css/featherae48.css]
[shtheme.com/demosd/itodo/wp-content/themes/itodo/fonts/Feather144f.svg]
[shtheme.com/demosd/itodo/indexfb3a.json]
[shtheme.com/demosd/itodo/wp-content/themes/itodo/fonts/lc_lightbox.eot]
[shtheme.com/demosd/itodo/wp-content/themes/itodo/fonts/lc_lightbox.woff]
[shtheme.com/demosd/itodo/wp-content/themes/itodo/fonts/lc_lightbox.ttf]
[shtheme.com/demosd/itodo/wp-content/themes/itodo/fonts/lc_lightbox.svg]
[shtheme.com/demosd/itodo/indexcd17.json]
[shtheme.com/demosd/itodo/index8e2a.json]
[shtheme.com/demosd/itodo/wp-content/themes/itodo/img/patterns/oblique_dots.png]
[shtheme.com/demosd/itodo/wp-content/themes/itodo/img/patterns/pattern-1.16c.delayed]
[shtheme.com/demosd/itodo/index8664.json]
[shtheme.com/demosd/itodo/indexf929.json]
[shtheme.com/demosd/itodo/wp-content/themes/itodo/img/patterns/pattern-dot-1.png]
[shtheme.com/demosd/itodo/index9771.php]
[shtheme.com/demosd/itodo/index750c.php]
[shtheme.com/demosd/itodo/wp-content/themes/itodo/img/patterns/pattern-dot-2.png]
[shtheme.com/demosd/itodo/index5018.json]
[shtheme.com/demosd/itodo/index73d1.json]
[shtheme.com/demosd/itodo/wp-content/themes/itodo/img/patterns/pattern-dot-b1.png]
[shtheme.com/demosd/itodo/index81f7.php]
[shtheme.com/demosd/itodo/index77a5.json]
[shtheme.com/demosd/itodo/wp-content/themes/itodo/img/patterns/pattern-dot-b2.png]
[shtheme.com/demosd/itodo/index348c.json]
[shtheme.com/demosd/itodo/wp-content/themes/itodo/img/patterns/pattern-dot-b3.png]
[shtheme.com/demosd/itodo/index5761.php]
[shtheme.com/demosd/itodo/index7210.json]
[shtheme.com/demosd/itodo/wp-content/themes/itodo/img/patterns/pattern-dot-b4.png]
[shtheme.com/demosd/itodo/wp-content/themes/itodo/img/patterns/pattern-triangle-05.png]
[shtheme.com/demosd/itodo/indexa9de.json]
[shtheme.com/demosd/itodo/index9174.php]
[shtheme.com/demosd/itodo/wp-content/themes/itodo/img/patterns/pattern-triangle-10.png]
[shtheme.com/demosd/itodo/index3c64.json]
[shtheme.com/demosd/itodo/indexa407.json]
[shtheme.com/demosd/itodo/wp-content/themes/itodo/img/patterns/pattern-triangle-20.png]
[shtheme.com/demosd/itodo/index1662.php]
[shtheme.com/demosd/itodo/index33f3.json]
[shtheme.com/demosd/itodo/wp-content/themes/itodo/img/patterns/pattern-triangle-30.png]
[shtheme.com/demosd/itodo/index8245.php]
[shtheme.com/demosd/itodo/index99bf.json]
[shtheme.com/demosd/itodo/wp-content/themes/itodo/img/patterns/pattern-triangle-40.png]
[shtheme.com/demosd/itodo/index1eb9.json]
[shtheme.com/demosd/itodo/index547c.json]
[shtheme.com/demosd/itodo/indexf888.php]
[shtheme.com/demosd/itodo/wp-content/themes/itodo/img/patterns/pattern-ver-line-10.png]
[shtheme.com/demosd/itodo/wp-content/themes/itodo/img/patterns/pattern-ver-line-20.179.delayed]
[shtheme.com/demosd/itodo/wp-content/themes/itodo/img/patterns/pattern-ver-line-30.17a.delayed]
[shtheme.com/demosd/itodo/wp-content/themes/itodo/img/patterns/pattern-ver-line-40.png]
[shtheme.com/demosd/itodo/wp-content/themes/itodo/img/patterns/pattern-ver-line-50.png]
[shtheme.com/demosd/itodo/wp-content/themes/itodo/css/lc_lightboxae48.css]
[shtheme.com/demosd/itodo/indexb866.json]
[shtheme.com/demosd/itodo/index00e9.php]
[shtheme.com/demosd/itodo/wp-content/themes/itodo/css/swiper-bundle.minae48.css]
[shtheme.com/demosd/itodo/index8840.json]
[shtheme.com/demosd/itodo/wp-content/themes/itodo/css/header-1.css]
[shtheme.com/demosd/itodo/index001f.html]
[shtheme.com/demosd/itodo/index8b79.json]
[shtheme.com/demosd/itodo/indexb577.php]
[shtheme.com/demosd/itodo/index92d2.json]
[shtheme.com/demosd/itodo/wp-content/themes/itodo/css/header-2.css]
[shtheme.com/demosd/itodo/wp-content/themes/itodo/css/header-3.css]
[shtheme.com/demosd/itodo/wp-content/themes/itodo/css/styleae48.css]
[shtheme.com/demosd/itodo/indexe26f.json]
[shtheme.com/demosd/itodo/indexd0c4.php]
[shtheme.com/demosd/itodo/indexce3b.json]
[shtheme.com/demosd/itodo/wp-content/themes/itodo/style335e.css]
[shtheme.com/demosd/itodo/indexdbe5.php]
[shtheme.com/demosd/itodo/index7ee8.php]
[secure.gravatar.com/avatar/96eb3aed94562c8298aff41d4c83306bde35.jpeg]
[shtheme.com/demosd/itodo/indexf0c8.php]
[shtheme.com/demosd/itodo/index4f22.php]
[shtheme.com/demosd/itodo/index7776.json]
[shtheme.com/demosd/itodo/wp-content/plugins/elementor/assets/lib/eicons/fonts/eiconsd6bb.woff2]
[shtheme.com/demosd/itodo/indexd2c8.php]
[shtheme.com/demosd/itodo/wp-content/plugins/elementor/assets/lib/eicons/fonts/eiconsd6bb.woff]
[shtheme.com/demosd/itodo/index9734.php]
[shtheme.com/demosd/itodo/wp-content/plugins/elementor/assets/lib/eicons/fonts/eiconsd6bb.eot]
[shtheme.com/demosd/itodo/wp-content/plugins/elementor/assets/lib/eicons/css/elementor-icons.min3b94.css]
[shtheme.com/demosd/itodo/wp-content/plugins/elementor/assets/lib/eicons/fonts/eiconsd6bb.ttf]
[shtheme.com/demosd/itodo/indexd2bf.php]
[shtheme.com/demosd/itodo/wp-content/plugins/elementor/assets/css/frontend.mina3be.css]
[shtheme.com/demosd/itodo/index8e03.php]
[shtheme.com/demosd/itodo/index1562.json]
[shtheme.com/demosd/itodo/wp-content/plugins/elementor/assets/lib/swiper/css/swiper.min48f5.css]
[shtheme.com/demosd/itodo/wp-content/plugins/elementor/assets/lib/eicons/fonts/eiconsd6bb.svg]
[shtheme.com/demosd/itodo/wp-content/uploads/elementor/css/post-139c245.css]
[shtheme.com/demosd/itodo/wp-content/uploads/elementor/css/global28bf.css]
[shtheme.com/demosd/itodo/wp-content/uploads/elementor/css/post-333acc.css]
[shtheme.com/demosd/itodo/wp-includes/js/jquery/jquery.mina767.js]
[shtheme.com/demosd/itodo/index364f.php]
[shtheme.com/demosd/itodo/wp-includes/js/jquery/jquery-migrate.min6b00.js]
[shtheme.com/demosd/itodo/index6346.json]
[shtheme.com/demosd/itodo/indexf8bc.php]
[shtheme.com/demosd/itodo/index92e8.html]
[shtheme.com/demosd/itodo/index3347.php]
[shtheme.com/demosd/itodo/indexe781.html]
[shtheme.com/demosd/itodo/indexb879.json]
[shtheme.com/demosd/itodo/indexbe53.php]
[shtheme.com/demosd/itodo/index63e9.json]
[shtheme.com/demosd/itodo/indexbaa7.json]
[shtheme.com/demosd/itodo/index0b9d.html]
[shtheme.com/demosd/itodo/indexda98.json]
[shtheme.com/demosd/itodo/indexbed4.html]
[shtheme.com/demosd/itodo/index7195.json]
[shtheme.com/demosd/itodo/index6212.php]
[shtheme.com/demosd/itodo/index74bc.json]
[shtheme.com/demosd/itodo/indexce48.json]
[shtheme.com/demosd/itodo/index6ce1.json]
[shtheme.com/demosd/itodo/indexd5a2.php]
[shtheme.com/demosd/itodo/index78b2.html]
[shtheme.com/demosd/itodo/index1a35.html]
[shtheme.com/demosd/itodo/indexb5bc.json]
[shtheme.com/demosd/itodo/indexbe2a.php]
[shtheme.com/demosd/itodo/index00fd.html]
[shtheme.com/demosd/itodo/index8b93.html]
[shtheme.com/demosd/itodo/indexb63a.html]
[shtheme.com/demosd/itodo/indexc502.html]
[shtheme.com/demosd/itodo/index9020.html]
[shtheme.com/demosd/itodo/indexca6e.html]
[shtheme.com/demosd/itodo/index8256.html]
[shtheme.com/demosd/itodo/index4d88.html]
[shtheme.com/demosd/itodo/indexee13.html]
[shtheme.com/demosd/itodo/index07c9.html]
[shtheme.com/demosd/itodo/indexd8f8.json]
[shtheme.com/demosd/itodo/indexe009.html]
[shtheme.com/demosd/itodo/index456f.json]
[shtheme.com/demosd/itodo/indexaeed.json]
[shtheme.com/demosd/itodo/index1f3a.json]
[shtheme.com/demosd/itodo/index3440.php]
[shtheme.com/demosd/itodo/index62bd.json]
[shtheme.com/demosd/itodo/indexaf44.html]
[shtheme.com/demosd/itodo/index9ea3.html]
[shtheme.com/demosd/itodo/index4c0c.html]
[shtheme.com/demosd/itodo/index8a0d.html]
[shtheme.com/demosd/itodo/indexe1af.html]
[shtheme.com/demosd/itodo/index1fd1.html]
[shtheme.com/demosd/itodo/index9cba.json]
[shtheme.com/demosd/itodo/index78a0.html]
[shtheme.com/demosd/itodo/index5e87.html]
[shtheme.com/demosd/itodo/index8297.html]
[shtheme.com/demosd/itodo/index49fa.html]
[shtheme.com/demosd/itodo/index138f.html]
[shtheme.com/demosd/itodo/index6fdb.html]
[secure.gravatar.com/avatar/9ed0660bf8be17e64ab4f55d07938eb2de35.png]
[shtheme.com/demosd/itodo/index460d.html]
[shtheme.com/demosd/itodo/index153d.html]
[shtheme.com/demosd/itodo/index9430.html]
[shtheme.com/demosd/itodo/indexc5eb.html]
[shtheme.com/demosd/itodo/index3f5a.html]
[shtheme.com/demosd/itodo/wp-content/plugins/elementor/assets/lib/animations/animations.mina3be.css]
[shtheme.com/demosd/itodo/wp-content/plugins/contact-form-7/includes/js/scriptsce52.js]
[shtheme.com/demosd/itodo/wp-content/themes/itodo/js/jquery-3.6.1.min.jsae48.js]
[shtheme.com/demosd/itodo/wp-content/themes/itodo/js/popper.minae48.js]
[shtheme.com/demosd/itodo/wp-content/themes/itodo/js/bootstrap.minae48.js]
[shtheme.com/demosd/itodo/wp-content/themes/itodo/js/magnific-popup.minae48.js]
[shtheme.com/demosd/itodo/wp-content/themes/itodo/js/waypoints.minae48.js]
[shtheme.com/demosd/itodo/wp-content/themes/itodo/js/counterup.minae48.js]
[shtheme.com/demosd/itodo/wp-content/themes/itodo/js/waypoints-sticky.minae48.js]
[shtheme.com/demosd/itodo/wp-content/themes/itodo/js/isotope.pkgd.minae48.js]
[shtheme.com/demosd/itodo/wp-content/themes/itodo/js/imagesloaded.pkgd.minae48.js]
[shtheme.com/demosd/itodo/wp-content/themes/itodo/js/owl.carousel.minae48.js]
[shtheme.com/demosd/itodo/wp-content/themes/itodo/js/theia-sticky-sidebarae48.js]
[shtheme.com/demosd/itodo/wp-content/themes/itodo/js/wowae48.js]
[shtheme.com/demosd/itodo/wp-content/themes/itodo/js/lc_lightbox.liteae48.js]
[shtheme.com/demosd/itodo/${l}.185.delayed]
[shtheme.com/demosd/itodo/e]
[shtheme.com/demosd/itodo/t.params.url]
[shtheme.com/demosd/itodo/wp-content/themes/itodo/js/swiper-bundle.minae48.js]
[shtheme.com/demosd/itodo/wp-content/themes/itodo/js/customae48.js]
[shtheme.com/demosd/itodo/wp-content/plugins/bdevs-elementor/assets/js/bdevs-elementor8a54.js]
[shtheme.com/demosd/itodo/wp-content/plugins/elementor/assets/js/webpack.runtime.mina3be.js]
[shtheme.com/demosd/itodo/wp-content/plugins/elementor/assets/js/frontend-modules.mina3be.js]
[shtheme.com/demosd/itodo/wp-content/plugins/elementor/assets/lib/waypoints/waypoints.min05da.js]
[shtheme.com/demosd/itodo/wp-includes/js/jquery/ui/core.min3f14.js]
[shtheme.com/demosd/itodo/wp-content/plugins/elementor/assets/lib/swiper/swiper.min48f5.js]
[shtheme.com/demosd/itodo/Edge/index.html]
[shtheme.com/demosd/itodo/wp-content/plugins/elementor/assets/lib/share-link/share-link.mina3be.js]
[shtheme.com/demosd/itodo/Firefox/index.html]
[shtheme.com/demosd/itodo/wp-content/plugins/elementor/assets/lib/dialog/dialog.mind227.js]
[shtheme.com/demosd/itodo/Trident/index.html]
[shtheme.com/demosd/itodo/Gecko/index.html]
[shtheme.com/demosd/itodo/Version/index.html]
[shtheme.com/demosd/itodo/-negative.svg]
[shtheme.com/demosd/itodo/wp-content/plugins/elementor/assets/js/frontend.mina3be.js]
[shtheme.com/demosd/itodo/wp-content/plugins/elementor/assets/js/preloaded-modules.mina3be.js]
[shtheme.com/demosd/itodo/wp-content/uploads/elementor/css/post-39a09d.css]
[shtheme.com/demosd/itodo/version/index-2.html]
[shtheme.com/demosd/itodo/indexba52.html]
[shtheme.com/demosd/itodo/indexcbb6.html]
[shtheme.com/demosd/itodo/wp-content/uploads/elementor/css/post-63a77b.css]
[shtheme.com/demosd/itodo/OPR/index.html]
[shtheme.com/demosd/itodo/index2cce.html]
[shtheme.com/demosd/itodo/wp-content/uploads/elementor/css/post-35e81b.css]
[shtheme.com/demosd/itodo/index5c90.html]
[shtheme.com/demosd/itodo/indexcbb3.html]
[shtheme.com/demosd/itodo/index7add.html]
[shtheme.com/demosd/itodo/index2b9b.html]
[shtheme.com/demosd/itodo/wp-content/uploads/elementor/css/post-37b80f.css]
[shtheme.com/demosd/itodo/index1f0d.php]
[shtheme.com/demosd/itodo/index5e74.html]
[shtheme.com/demosd/itodo/indexcb30.html]
[shtheme.com/demosd/itodo/wp-content/uploads/elementor/css/post-49d95d.css]
[shtheme.com/demosd/itodo/index0012.html]
[shtheme.com/demosd/itodo/wp-content/uploads/elementor/css/post-51482e.css]
[shtheme.com/demosd/itodo/index8cf7.html]
[shtheme.com/demosd/itodo/index5fb3.html]
[shtheme.com/demosd/itodo/wp-content/uploads/elementor/css/post-55fce6.css]
[shtheme.com/demosd/itodo/index8054.html]
[shtheme.com/demosd/itodo/wp-content/uploads/elementor/css/post-57cc2c.css]
[shtheme.com/demosd/itodo/index9787.html]
[shtheme.com/demosd/itodo/index1098.html]
[shtheme.com/demosd/itodo/index094d.html]
[shtheme.com/demosd/itodo/index7471.json]
[shtheme.com/demosd/itodo/indexc728.html]
[shtheme.com/demosd/itodo/index3961.html]
[shtheme.com/demosd/itodo/indexd8eb.html]
[shtheme.com/demosd/itodo/index0b69.html]
[shtheme.com/demosd/itodo/indexc4f7.html]
[shtheme.com/demosd/itodo/index688c.html]
[shtheme.com/demosd/itodo/index78ea.html]
[shtheme.com/demosd/itodo/index6f03.html]
[shtheme.com/demosd/itodo/wp-includes/js/comment-reply.minae48.js]
[shtheme.com/demosd/itodo/wp-content/uploads/elementor/css/post-24552fd.css]
[shtheme.com/demosd/itodo/index3c39.html]
[shtheme.com/demosd/itodo/wp-content/uploads/elementor/css/post-249ac8a.css]
[shtheme.com/demosd/itodo/indexa570.html]
[shtheme.com/demosd/itodo/wp-content/uploads/elementor/css/post-253c5e9.css]
[shtheme.com/demosd/itodo/index1640.html]
[shtheme.com/demosd/itodo/wp-content/uploads/elementor/css/post-92d50c.css]
[shtheme.com/demosd/itodo/index4cde.html]
[shtheme.com/demosd/itodo/wp-content/uploads/elementor/css/post-9101a1.css]
[shtheme.com/demosd/itodo/wp-content/uploads/elementor/css/post-9009e0.css]
[shtheme.com/demosd/itodo/indexff78.html]
[shtheme.com/demosd/itodo/wp-content/uploads/elementor/css/post-891d02.css]
[shtheme.com/demosd/itodo/indexefaa.html]
[shtheme.com/demosd/itodo/wp-content/uploads/elementor/css/post-880660.css]
[shtheme.com/demosd/itodo/indexeddf.html]
[shtheme.com/demosd/itodo/wp-content/uploads/elementor/css/post-87c7fe.css]
[shtheme.com/demosd/itodo/index8771.html]
[shtheme.com/demosd/itodo/wp-content/uploads/elementor/css/post-9300be.css]
[shtheme.com/demosd/itodo/indexcd64.html]
[shtheme.com/demosd/itodo/index1385.html]
[shtheme.com/demosd/itodo/wp-content/uploads/elementor/css/post-947e04.css]
[shtheme.com/demosd/itodo/indexa0dc.html]
[shtheme.com/demosd/itodo/wp-content/uploads/elementor/css/post-95c989.css]
[shtheme.com/demosd/itodo/wp-content/uploads/elementor/css/post-97e93f.css]
[shtheme.com/demosd/itodo/index747e.json]
[shtheme.com/demosd/itodo/indexf094.html]
[shtheme.com/demosd/itodo/indexdffb.php]
[shtheme.com/demosd/itodo/indexa755.json]
[shtheme.com/demosd/itodo/indexc926.html]
[shtheme.com/demosd/itodo/index8c30.html]
[shtheme.com/demosd/itodo/index2727.json]
[shtheme.com/demosd/itodo/wp-content/uploads/elementor/css/post-5733092.css]
[shtheme.com/demosd/itodo/wp-content/uploads/elementor/css/post-572d233.css]
[shtheme.com/demosd/itodo/wp-content/uploads/elementor/css/post-571dfa9.css]
[shtheme.com/demosd/itodo/wp-content/uploads/elementor/css/post-99d844.css]
[shtheme.com/demosd/itodo/wp-content/uploads/elementor/css/post-98d0ee.css]
[shtheme.com/demosd/itodo/indexa3a8.json]
[shtheme.com/demosd/itodo/index058f.json]
[shtheme.com/demosd/itodo/index04a2.json]
[shtheme.com/demosd/itodo/index9eaf.json]
[shtheme.com/demosd/itodo/indexa705.json]
[shtheme.com/demosd/itodo/index0870.json]
[shtheme.com/demosd/itodo/indexef62.html]
[shtheme.com/demosd/itodo/indexae68.json]
[shtheme.com/demosd/itodo/index070c.html]
[shtheme.com/demosd/itodo/indexb489.json]
[shtheme.com/demosd/itodo/indexff1d.json]
[shtheme.com/demosd/itodo/indexce84.json]
[shtheme.com/demosd/itodo/index2240.json]
[shtheme.com/demosd/itodo/index8bca.json]
[shtheme.com/demosd/itodo/index031b.json]
[shtheme.com/demosd/itodo/wp-content/plugins/elementor/assets/lib/font-awesome/fonts/fontawesome-webfont3e6e.svg]
[shtheme.com/demosd/itodo/wp-content/themes/itodo/css/owl.video.play.html]
[shtheme.com/demosd/itodo/wp-content/themes/itodo/fonts/flaticon_mycollection9fb7.svg]
[shtheme.com/demosd/itodo/wp-content/themes/itodo/fonts/Feather144f.svg]
[shtheme.com/demosd/itodo/wp-content/themes/itodo/fonts/lc_lightbox.svg]
[shtheme.com/demosd/itodo/wp-content/themes/itodo/img/patterns/oblique_dots.html]
[shtheme.com/demosd/itodo/wp-content/themes/itodo/img/patterns/pattern-1.html]
[shtheme.com/demosd/itodo/wp-content/themes/itodo/img/patterns/pattern-dot-1.html]
[shtheme.com/demosd/itodo/wp-content/themes/itodo/img/patterns/pattern-dot-2.html]
[shtheme.com/demosd/itodo/wp-content/themes/itodo/img/patterns/pattern-dot-b1.html]
[shtheme.com/demosd/itodo/wp-content/themes/itodo/img/patterns/pattern-dot-b2.html]
[shtheme.com/demosd/itodo/wp-content/themes/itodo/img/patterns/pattern-dot-b3.html]
[shtheme.com/demosd/itodo/wp-content/themes/itodo/img/patterns/pattern-dot-b4.html]
[shtheme.com/demosd/itodo/wp-content/themes/itodo/img/patterns/pattern-triangle-05.html]
[shtheme.com/demosd/itodo/wp-content/themes/itodo/img/patterns/pattern-triangle-10.html]
[shtheme.com/demosd/itodo/wp-content/themes/itodo/img/patterns/pattern-triangle-20.html]
[shtheme.com/demosd/itodo/wp-content/themes/itodo/img/patterns/pattern-triangle-30.html]
[shtheme.com/demosd/itodo/wp-content/themes/itodo/img/patterns/pattern-triangle-40.html]
[shtheme.com/demosd/itodo/wp-content/themes/itodo/img/patterns/pattern-ver-line-10.html]
[shtheme.com/demosd/itodo/wp-content/themes/itodo/img/patterns/pattern-ver-line-20.html]
[shtheme.com/demosd/itodo/wp-content/themes/itodo/img/patterns/pattern-ver-line-30.html]
[shtheme.com/demosd/itodo/wp-content/themes/itodo/img/patterns/pattern-ver-line-40.html]
[shtheme.com/demosd/itodo/wp-content/themes/itodo/img/patterns/pattern-ver-line-50.html]
[shtheme.com/demosd/itodo/wp-content/themes/itodo/css/header-1.css]
[shtheme.com/demosd/itodo/wp-content/themes/itodo/css/header-2.css]
[shtheme.com/demosd/itodo/wp-content/themes/itodo/css/header-3.css]
[shtheme.com/demosd/itodo/wp-content/plugins/elementor/assets/lib/eicons/fonts/eiconsd6bb.svg]
[shtheme.com/demosd/itodo/Trident/index.html]
[shtheme.com/demosd/itodo/${l}.html]
[shtheme.com/demosd/itodo/e.html]
[shtheme.com/demosd/itodo/t.params.html]
[shtheme.com/demosd/itodo/Edge/index.html]
[shtheme.com/demosd/itodo/Gecko/index.html]
[shtheme.com/demosd/itodo/Firefox/index.html]
[shtheme.com/demosd/itodo/Version/index.html]
[shtheme.com/demosd/itodo/version/index-2.html]
[shtheme.com/demosd/itodo/-negative.html]
[shtheme.com/demosd/itodo/OPR/index.html]
[shtheme.com/demosd/itodo/index4170.html]
[shtheme.com/demosd/itodo/wp-content/uploads/elementor/css/post-610e53.css]
[shtheme.com/demosd/itodo/index3c73.html]
[shtheme.com/demosd/itodo/index8b79.html]
[shtheme.com/demosd/itodo/index4837.html]
